Product: MDK-ARM Standard Cortex-M only 5.10
Component: ARM Compiler 5.04 update 1 (build 49)
Tool: armlink [5040049]

==============================================================================

Image Symbol Table

    Local Symbols

    Symbol Name                              Value     Ov Type        Size  Object(Section)

    .text                                    0x00000000   Section        0  flashprg.o(.text)
    FlashDev.c                               0x00000000   Number         0  flashdev.o ABSOLUTE
    FlashPrg.c                               0x00000000   Number         0  flashprg.o ABSOLUTE
    .data                                    0x00000108   Section        8  flashprg.o(.data)
    .constdata                               0x00000110   Section     4256  flashdev.o(.constdata)

    Global Symbols

    Symbol Name                              Value     Ov Type        Size  Object(Section)

    BuildAttributes$$THM_ISAv4$P$D$K$B$S$PE$A:L22UL41UL21$X:L11$S22US41US21$IEEE1$IW$RWPI$~STKCKD$USESV7$~SHL$OSPACE$ROPI$EBA8$STANDARDLIB$REQ8$PRES8$EABIv2 0x00000000   Number         0  anon$$obj.o ABSOLUTE
    Polling                                  0x00000001   Thumb Code    66  flashprg.o(.text)
    Init                                     0x00000043   Thumb Code    10  flashprg.o(.text)
    UnInit                                   0x0000004d   Thumb Code     4  flashprg.o(.text)
    EraseChip                                0x00000051   Thumb Code    40  flashprg.o(.text)
    EraseSector                              0x00000079   Thumb Code    54  flashprg.o(.text)
    ProgramPage                              0x000000af   Thumb Code    82  flashprg.o(.text)
    fsr                                      0x00000108   Data           4  flashprg.o(.data)
    base_adr                                 0x0000010c   Data           4  flashprg.o(.data)
    FlashDevice                              0x00000110   Data        4256  flashdev.o(.constdata)



==============================================================================

Memory Map of the image

  Image entry point : Not specified.

  Load Region PRG (Base: 0x00000000, Size: 0x00000110, Max: 0xffffffff, PI)

    Execution Region PrgCode (Base: 0x00000000, Size: 0x00000104, Max: 0xffffffff, PI)

    Base Addr    Size         Type   Attr      Idx    E Section Name        Object

    0x00000000   0x00000104   Code   RO            1    .text               flashprg.o


    Execution Region PrgData (Base: 0x00000104, Size: 0x0000000c, Max: 0xffffffff, PI)

    Base Addr    Size         Type   Attr      Idx    E Section Name        Object

    0x00000104   0x00000004   Data   RW           30    PDT$$ptr            anon$$obj.o
    0x00000108   0x00000008   Data   RW            2    .data               flashprg.o



  Load Region DSCR (Base: 0x00000110, Size: 0x000010a0, Max: 0xffffffff, PI)

    Execution Region DevDscr (Base: 0x00000110, Size: 0x000010a0, Max: 0xffffffff, PI)

    Base Addr    Size         Type   Attr      Idx    E Section Name        Object

    0x00000110   0x000010a0   Data   RO           21    .constdata          flashdev.o


==============================================================================

Image component sizes


      Code (inc. data)   RO Data    RW Data    ZI Data      Debug   Object Name

         0          0       4256          0          0        430   flashdev.o
       260          4          0          8          0       4691   flashprg.o

    ----------------------------------------------------------------------
       260          4       4256         12          0       5121   Object Totals
         0          0          0          4          0          0   (incl. Generated)
         0          0          0          0          0          0   (incl. Padding)

    ----------------------------------------------------------------------
         0          0          0          0          0          0   Library Totals
         0          0          0          0          0          0   (incl. Padding)

    ----------------------------------------------------------------------

==============================================================================


      Code (inc. data)   RO Data    RW Data    ZI Data      Debug   

       260          4       4256         12          0       5121   Grand Totals
       260          4       4256         12          0       5121   ELF Image Totals
       260          4       4256         12          0          0   ROM Totals

==============================================================================

    Total RO  Size (Code + RO Data)                 4516 (   4.41kB)
    Total RW  Size (RW Data + ZI Data)                12 (   0.01kB)
    Total ROM Size (Code + RO Data + RW Data)       4528 (   4.42kB)

==============================================================================

